// Jest Snapshot v1, https://goo.gl/fbAQLP

exports[`Server error message component Ensure snapshot match 1`] = `
<main
  class="sc-dkPtyc iwVFAu"
>
  <h1
    class="sc-gsDJrp gxPvwY"
  >
    server-error-message
  </h1>
  <p
    class="sc-bdvvaa zWSMl"
  >
    <span>
      Nothing to see here
    </span>
    <br />
    <br />
    <a
      href="/"
    >
      Go home
    </a>
    .
  </p>
</main>
`;
