// Jest Snapshot v1, https://goo.gl/fbAQLP

exports[`400 error page Ensure snapshot match 1`] = `
<main
  class="sc-dlnjwi gnIxof"
>
  <h1
    class="sc-gtsrHT elXEts"
  >
    400: Bad Request
  </h1>
  <p
    class="sc-bdnxRM fSObbe"
  >
    Your request was malformed or otherwise could not be understood by the server. Please modify your request before retrying.
    <br />
    <br />
    <a
      href="/"
    >
      Go home
    </a>
    .
  </p>
</main>
`;
