// Jest Snapshot v1, https://goo.gl/fbAQLP

exports[`401 error page Ensure snapshot match 1`] = `
<main
  class="sc-dlnjwi gnIxof"
>
  <h1
    class="sc-gtsrHT elXEts"
  >
    401: Authorization Required
  </h1>
  <p
    class="sc-bdnxRM fSObbe"
  >
    You have requested a resource that requires authorization. Please authenticate yourself before retrying your request.
    <br />
    <br />
    <a
      href="/"
    >
      Go home
    </a>
    .
  </p>
</main>
`;
