// Jest Snapshot v1, https://goo.gl/fbAQLP

exports[`403 error page Ensure snapshot match 1`] = `
<main
  class="sc-dkPtyc iwVFAu"
>
  <h1
    class="sc-gsDJrp gxPvwY"
  >
    403: Forbidden
  </h1>
  <p
    class="sc-bdvvaa zWSMl"
  >
    You are not allowed to access the resource you requested. If you feel you have reached this page in error, please contact the webmaster.
    <br />
    <br />
    <a
      href="/"
    >
      Go home
    </a>
    .
  </p>
</main>
`;
