// Jest Snapshot v1, https://goo.gl/fbAQLP

exports[`404 error page Ensure snapshot match 1`] = `
<main
  class="sc-dlnjwi gnIxof"
>
  <h1
    class="sc-gtsrHT elXEts"
  >
    404: Not Found
  </h1>
  <p
    class="sc-bdnxRM fSObbe"
  >
    The resource you requested is unavailable. If you feel you have reached this page in error, please contact the webmaster.
    <br />
    <br />
    <a
      href="/"
    >
      Go home
    </a>
    .
  </p>
</main>
`;
