// Jest Snapshot v1, https://goo.gl/fbAQLP

exports[`500 error page Ensure snapshot match 1`] = `
<main
  class="sc-dlnjwi gnIxof"
>
  <h1
    class="sc-gtsrHT elXEts"
  >
    500: Internal Server Error
  </h1>
  <p
    class="sc-bdnxRM fSObbe"
  >
    An internal server error has occurred trying to serve your request. If you continue to experience this error, please contact the webmaster.
    <br />
    <br />
    <a
      href="/"
    >
      Go home
    </a>
    .
  </p>
</main>
`;
